------------------------------------------------------------
TimeQuest Timing Analyzer Summary
------------------------------------------------------------

Type  : Slow 1100mV 85C Model Setup 'aluControl[0]'
Slack : -5.172
TNS   : -135.058

Type  : Slow 1100mV 85C Model Hold 'aluControl[0]'
Slack : 1.189
TNS   : 0.000

Type  : Slow 1100mV 85C Model Minimum Pulse Width 'aluControl[0]'
Slack : 0.038
TNS   : 0.000

Type  : Slow 1100mV 0C Model Setup 'aluControl[0]'
Slack : -5.193
TNS   : -135.995

Type  : Slow 1100mV 0C Model Hold 'aluControl[0]'
Slack : 1.100
TNS   : 0.000

Type  : Slow 1100mV 0C Model Minimum Pulse Width 'aluControl[0]'
Slack : 0.098
TNS   : 0.000

Type  : Fast 1100mV 85C Model Setup 'aluControl[0]'
Slack : -2.905
TNS   : -77.159

Type  : Fast 1100mV 85C Model Hold 'aluControl[0]'
Slack : 0.420
TNS   : 0.000

Type  : Fast 1100mV 85C Model Minimum Pulse Width 'aluControl[0]'
Slack : -0.224
TNS   : -8.458

Type  : Fast 1100mV 0C Model Setup 'aluControl[0]'
Slack : -2.621
TNS   : -69.630

Type  : Fast 1100mV 0C Model Hold 'aluControl[0]'
Slack : 0.410
TNS   : 0.000

Type  : Fast 1100mV 0C Model Minimum Pulse Width 'aluControl[0]'
Slack : -0.172
TNS   : -6.133

------------------------------------------------------------
