------------------------------------------------------------
TimeQuest Timing Analyzer Summary
------------------------------------------------------------

Type  : Slow 1100mV 85C Model Setup 'aluControl[0]'
Slack : -4.928
TNS   : -146.018

Type  : Slow 1100mV 85C Model Hold 'aluControl[0]'
Slack : 1.391
TNS   : 0.000

Type  : Slow 1100mV 85C Model Minimum Pulse Width 'aluControl[0]'
Slack : 0.049
TNS   : 0.000

Type  : Slow 1100mV 0C Model Setup 'aluControl[0]'
Slack : -4.870
TNS   : -145.181

Type  : Slow 1100mV 0C Model Hold 'aluControl[0]'
Slack : 1.148
TNS   : 0.000

Type  : Slow 1100mV 0C Model Minimum Pulse Width 'aluControl[0]'
Slack : 0.065
TNS   : 0.000

Type  : Fast 1100mV 85C Model Setup 'aluControl[0]'
Slack : -3.039
TNS   : -86.529

Type  : Fast 1100mV 85C Model Hold 'aluControl[0]'
Slack : 0.675
TNS   : 0.000

Type  : Fast 1100mV 85C Model Minimum Pulse Width 'aluControl[0]'
Slack : -0.263
TNS   : -12.399

Type  : Fast 1100mV 0C Model Setup 'aluControl[0]'
Slack : -2.660
TNS   : -77.194

Type  : Fast 1100mV 0C Model Hold 'aluControl[0]'
Slack : 0.590
TNS   : 0.000

Type  : Fast 1100mV 0C Model Minimum Pulse Width 'aluControl[0]'
Slack : -0.210
TNS   : -9.650

------------------------------------------------------------
